// Jest Snapshot v1, https://goo.gl/fbAQLP

exports[`LeagueList Component renders the UI as expected 1`] = `
<div>
  <div
    className="ls-dashboard__title"
  >
    <h1>
      All Leagues
    </h1>
  </div>
  <section
    className="ls-league-list__container"
  >
    <ul
      className="ls-league_list"
    />
  </section>
</div>
`;
